  app.cpp
D:\University-Universytet\41KG Kompjuterna grafika\2\app\app.cpp(11,30): error C2001: newline in constant
D:\University-Universytet\41KG Kompjuterna grafika\2\app\app.cpp(12,1): error C2017: illegal escape sequence
D:\University-Universytet\41KG Kompjuterna grafika\2\app\app.cpp(12,4): error C2014: preprocessor command must start as first nonwhite space
D:\University-Universytet\41KG Kompjuterna grafika\2\app\app.cpp(13,1): error C2017: illegal escape sequence
D:\University-Universytet\41KG Kompjuterna grafika\2\app\app.cpp(12,2): error C2146: syntax error: missing ';' before identifier 'n'
D:\University-Universytet\41KG Kompjuterna grafika\2\app\app.cpp(15,1): error C2017: illegal escape sequence
D:\University-Universytet\41KG Kompjuterna grafika\2\app\app.cpp(14,1): error C4430: missing type specifier - int assumed. Note: C++ does not support default-int
D:\University-Universytet\41KG Kompjuterna grafika\2\app\app.cpp(16,1): error C2146: syntax error: missing ';' before identifier 'nlayout'
D:\University-Universytet\41KG Kompjuterna grafika\2\app\app.cpp(17,1): error C2017: illegal escape sequence
D:\University-Universytet\41KG Kompjuterna grafika\2\app\app.cpp(18,1): error C2017: illegal escape sequence
D:\University-Universytet\41KG Kompjuterna grafika\2\app\app.cpp(18,1): error C4430: missing type specifier - int assumed. Note: C++ does not support default-int
D:\University-Universytet\41KG Kompjuterna grafika\2\app\app.cpp(18,1): error C2086: 'int n': redefinition
      D:\University-Universytet\41KG Kompjuterna grafika\2\app\app.cpp(14,1):
      see declaration of 'n'
  
D:\University-Universytet\41KG Kompjuterna grafika\2\app\app.cpp(19,1): error C2146: syntax error: missing ';' before identifier 'nvoid'
D:\University-Universytet\41KG Kompjuterna grafika\2\app\app.cpp(21,1): error C2017: illegal escape sequence
D:\University-Universytet\41KG Kompjuterna grafika\2\app\app.cpp(22,1): error C2143: syntax error: missing ';' before '{'
D:\University-Universytet\41KG Kompjuterna grafika\2\app\app.cpp(22,1): error C2447: '{': missing function header (old-style formal list?)
D:\University-Universytet\41KG Kompjuterna grafika\2\app\app.cpp(23,5): error C2017: illegal escape sequence
D:\University-Universytet\41KG Kompjuterna grafika\2\app\app.cpp(25,5): error C2017: illegal escape sequence
D:\University-Universytet\41KG Kompjuterna grafika\2\app\app.cpp(27,1): error C2001: newline in constant
D:\University-Universytet\41KG Kompjuterna grafika\2\app\app.cpp(27,1): error C2059: syntax error: 'string'
D:\University-Universytet\41KG Kompjuterna grafika\2\app\app.cpp(29,30): error C2001: newline in constant
D:\University-Universytet\41KG Kompjuterna grafika\2\app\app.cpp(30,1): error C2017: illegal escape sequence
D:\University-Universytet\41KG Kompjuterna grafika\2\app\app.cpp(30,4): error C2014: preprocessor command must start as first nonwhite space
D:\University-Universytet\41KG Kompjuterna grafika\2\app\app.cpp(31,1): error C2017: illegal escape sequence
D:\University-Universytet\41KG Kompjuterna grafika\2\app\app.cpp(32,1): error C2017: illegal escape sequence
D:\University-Universytet\41KG Kompjuterna grafika\2\app\app.cpp(34,1): error C2017: illegal escape sequence
D:\University-Universytet\41KG Kompjuterna grafika\2\app\app.cpp(36,1): error C2017: illegal escape sequence
D:\University-Universytet\41KG Kompjuterna grafika\2\app\app.cpp(35,1): error C4430: missing type specifier - int assumed. Note: C++ does not support default-int
D:\University-Universytet\41KG Kompjuterna grafika\2\app\app.cpp(35,1): error C2086: 'int n': redefinition
      D:\University-Universytet\41KG Kompjuterna grafika\2\app\app.cpp(14,1):
      see declaration of 'n'
  
D:\University-Universytet\41KG Kompjuterna grafika\2\app\app.cpp(37,1): error C2146: syntax error: missing ';' before identifier 'nvoid'
D:\University-Universytet\41KG Kompjuterna grafika\2\app\app.cpp(39,1): error C2017: illegal escape sequence
D:\University-Universytet\41KG Kompjuterna grafika\2\app\app.cpp(40,1): error C2143: syntax error: missing ';' before '{'
D:\University-Universytet\41KG Kompjuterna grafika\2\app\app.cpp(40,1): error C2447: '{': missing function header (old-style formal list?)
D:\University-Universytet\41KG Kompjuterna grafika\2\app\app.cpp(41,5): error C2017: illegal escape sequence
D:\University-Universytet\41KG Kompjuterna grafika\2\app\app.cpp(43,5): error C2017: illegal escape sequence
D:\University-Universytet\41KG Kompjuterna grafika\2\app\app.cpp(45,1): error C2001: newline in constant
D:\University-Universytet\41KG Kompjuterna grafika\2\app\app.cpp(45,1): error C2059: syntax error: 'string'
D:\University-Universytet\41KG Kompjuterna grafika\2\app\app.cpp(49,1): error C2143: syntax error: missing ';' before '{'
D:\University-Universytet\41KG Kompjuterna grafika\2\app\app.cpp(49,1): error C2447: '{': missing function header (old-style formal list?)
D:\University-Universytet\41KG Kompjuterna grafika\2\app\app.cpp(69,5): error C2065: 'constGLchar': undeclared identifier
D:\University-Universytet\41KG Kompjuterna grafika\2\app\app.cpp(69,18): error C2065: 'theCode': undeclared identifier
D:\University-Universytet\41KG Kompjuterna grafika\2\app\app.cpp(69,29): error C2146: syntax error: missing ';' before identifier 'theCode'
D:\University-Universytet\41KG Kompjuterna grafika\2\app\app.cpp(69,29): error C2065: 'theCode': undeclared identifier
D:\University-Universytet\41KG Kompjuterna grafika\2\app\app.cpp(70,5): error C2065: 'GLintcodeLength': undeclared identifier
D:\University-Universytet\41KG Kompjuterna grafika\2\app\app.cpp(71,5): error C2065: 'codeLength': undeclared identifier
D:\University-Universytet\41KG Kompjuterna grafika\2\app\app.cpp(72,34): error C2065: 'theCode': undeclared identifier
D:\University-Universytet\41KG Kompjuterna grafika\2\app\app.cpp(72,43): error C2065: 'codeLength': undeclared identifier
D:\University-Universytet\41KG Kompjuterna grafika\2\app\app.cpp(74,5): error C2065: 'GLintresult': undeclared identifier
D:\University-Universytet\41KG Kompjuterna grafika\2\app\app.cpp(75,5): error C2065: 'GLchareLog': undeclared identifier
D:\University-Universytet\41KG Kompjuterna grafika\2\app\app.cpp(76,50): error C2065: 'result': undeclared identifier
D:\University-Universytet\41KG Kompjuterna grafika\2\app\app.cpp(77,10): error C2065: 'result': undeclared identifier
D:\University-Universytet\41KG Kompjuterna grafika\2\app\app.cpp(79,51): error C2065: 'eLog': undeclared identifier
D:\University-Universytet\41KG Kompjuterna grafika\2\app\app.cpp(80,78): error C2065: 'eLog': undeclared identifier
D:\University-Universytet\41KG Kompjuterna grafika\2\app\app.cpp(86,1): error C4430: missing type specifier - int assumed. Note: C++ does not support default-int
D:\University-Universytet\41KG Kompjuterna grafika\2\app\app.cpp(94,5): error C3861: 'AddShader': identifier not found
D:\University-Universytet\41KG Kompjuterna grafika\2\app\app.cpp(95,23): error C2065: 'fShader': undeclared identifier
D:\University-Universytet\41KG Kompjuterna grafika\2\app\app.cpp(95,5): error C3861: 'AddShader': identifier not found
D:\University-Universytet\41KG Kompjuterna grafika\2\app\app.cpp(96,5): error C2065: 'GLintresult': undeclared identifier
D:\University-Universytet\41KG Kompjuterna grafika\2\app\app.cpp(97,5): error C2065: 'GLchareLog': undeclared identifier
D:\University-Universytet\41KG Kompjuterna grafika\2\app\app.cpp(99,45): error C2065: 'result': undeclared identifier
D:\University-Universytet\41KG Kompjuterna grafika\2\app\app.cpp(100,10): error C2065: 'result': undeclared identifier
D:\University-Universytet\41KG Kompjuterna grafika\2\app\app.cpp(102,44): error C2065: 'eLog': undeclared identifier
D:\University-Universytet\41KG Kompjuterna grafika\2\app\app.cpp(102,57): error C2065: 'eLog': undeclared identifier
D:\University-Universytet\41KG Kompjuterna grafika\2\app\app.cpp(103,49): error C2065: 'eLog': undeclared identifier
D:\University-Universytet\41KG Kompjuterna grafika\2\app\app.cpp(107,49): error C2065: 'result': undeclared identifier
D:\University-Universytet\41KG Kompjuterna grafika\2\app\app.cpp(108,10): error C2065: 'result': undeclared identifier
D:\University-Universytet\41KG Kompjuterna grafika\2\app\app.cpp(110,44): error C2065: 'eLog': undeclared identifier
D:\University-Universytet\41KG Kompjuterna grafika\2\app\app.cpp(110,57): error C2065: 'eLog': undeclared identifier
D:\University-Universytet\41KG Kompjuterna grafika\2\app\app.cpp(111,52): error C2065: 'eLog': undeclared identifier
D:\University-Universytet\41KG Kompjuterna grafika\2\app\app.cpp(92,9): warning C4508: 'voidCompileShaders': function should return a value; 'void' return type assumed
D:\University-Universytet\41KG Kompjuterna grafika\2\app\app.cpp(104,9): error C2617: 'voidCompileShaders': inconsistent return statement
      D:\University-Universytet\41KG Kompjuterna grafika\2\app\app.cpp(86,1):
      see declaration of 'voidCompileShaders'
  
D:\University-Universytet\41KG Kompjuterna grafika\2\app\app.cpp(112,9): error C2617: 'voidCompileShaders': inconsistent return statement
      D:\University-Universytet\41KG Kompjuterna grafika\2\app\app.cpp(86,1):
      see declaration of 'voidCompileShaders'
  
D:\University-Universytet\41KG Kompjuterna grafika\2\app\app.cpp(114,1): error C2617: 'voidCompileShaders': inconsistent return statement
      D:\University-Universytet\41KG Kompjuterna grafika\2\app\app.cpp(86,1):
      see declaration of 'voidCompileShaders'
  
D:\University-Universytet\41KG Kompjuterna grafika\2\app\app.cpp(122,9): error C2065: 'return1': undeclared identifier
D:\University-Universytet\41KG Kompjuterna grafika\2\app\app.cpp(133,9): error C2065: 'return1': undeclared identifier
D:\University-Universytet\41KG Kompjuterna grafika\2\app\app.cpp(135,5): error C2065: 'intbufferWidth': undeclared identifier
D:\University-Universytet\41KG Kompjuterna grafika\2\app\app.cpp(135,21): error C2065: 'bufferHeight': undeclared identifier
D:\University-Universytet\41KG Kompjuterna grafika\2\app\app.cpp(136,41): error C2065: 'bufferWidth': undeclared identifier
D:\University-Universytet\41KG Kompjuterna grafika\2\app\app.cpp(136,55): error C2065: 'bufferHeight': undeclared identifier
D:\University-Universytet\41KG Kompjuterna grafika\2\app\app.cpp(144,9): error C2065: 'return1': undeclared identifier
D:\University-Universytet\41KG Kompjuterna grafika\2\app\app.cpp(146,22): error C2065: 'bufferWidth': undeclared identifier
D:\University-Universytet\41KG Kompjuterna grafika\2\app\app.cpp(146,35): error C2065: 'bufferHeight': undeclared identifier
D:\University-Universytet\41KG Kompjuterna grafika\2\app\app.cpp(147,5): error C3861: 'CreateTriangle': identifier not found
D:\University-Universytet\41KG Kompjuterna grafika\2\app\app.cpp(148,5): error C3861: 'CompileShaders': identifier not found
